// Vitest Snapshot v1, https://vitest.dev/guide/snapshot.html

exports[`Content Code Mod > can modify and add content in tailwind config 1`] = `
"/** @type {import('tailwindcss').Config} */
module.exports = {
  content: [\\"foo.{js,ts}\\", \\"bar.{js,ts}\\"],
  theme: {
    extend: {},
  },
  plugins: [],
};
"
`;
